// Jest Snapshot v1, https://goo.gl/fbAQLP

exports[`Pruebas en el componente <TodoApp /> Debe de coincidir con el snapshot  1`] = `
<Fragment>
  <h1>
    Todo App (
    0
    )
  </h1>
  <hr />
  <div
    className="row"
  >
    <div
      className="col-sm-6"
    />
    <div
      className="col-sm-6"
    >
      <TodoAdd
        handleAddToDo={[Function]}
      />
    </div>
  </div>
</Fragment>
`;
