// Jest Snapshot v1, https://goo.gl/fbAQLP

exports[`Pruebas en el componente <TodoList /> Debe de mostarr correctamente el componente 1`] = `
<ul
  className="list-group list-group-flush"
>
  <TodoListItem
    handleDelete={[MockFunction]}
    handleToggle={[MockFunction]}
    index={0}
    item={
      Object {
        "desc": "Aprender React",
        "done": false,
        "id": 1,
      }
    }
    key="1"
  />
  <TodoListItem
    handleDelete={[MockFunction]}
    handleToggle={[MockFunction]}
    index={1}
    item={
      Object {
        "desc": "Aprender Node",
        "done": false,
        "id": 2,
      }
    }
    key="2"
  />
</ul>
`;
