// Jest Snapshot v1, https://goo.gl/fbAQLP

exports[`Pruebas en el componente <RealExapleRef /> Debe de coincidir con el snapshot 1`] = `
<div>
  <h1>
    Real Example useRef
  </h1>
  <hr />
  <button
    className="btn btn-primary mt-5"
    onClick={[Function]}
  >
    show / hide
  </button>
</div>
`;
